// Vitest Snapshot v1, https://vitest.dev/guide/snapshot.html

exports[`Summary > renders correctly 1`] = `
<div>
  <div
    class="p-8 bg-black-200 rounded-lg text-white-900 text-center md:text-left"
    role="status"
  >
    <div
      class="animate-pulse h-2.5 bg-gray-500 rounded-full w-48 mb-4"
    />
    <div
      class="animate-pulse h-2 bg-gray-500 rounded-full w-full max-w-md mb-2.5"
    />
    <div
      class="animate-pulse h-2 bg-gray-500 rounded-full w-full max-w-md mb-2.5"
    />
    <div
      class="animate-pulse h-2 bg-gray-500 rounded-full w-full max-w-lg mb-2.5"
    />
    <div
      class="animate-pulse h-2 bg-gray-500 rounded-full w-full max-w-xl mb-2.5"
    />
    <div
      class="animate-pulse h-2 bg-gray-500 rounded-full w-full max-w-lg"
    />
    <span
      class="sr-only"
    >
      Loading...
    </span>
  </div>
</div>
`;
